// Jest Snapshot v1, https://goo.gl/fbAQLP

exports[`VectorTypeName.sol format 1`] = `
====================================options=====================================
parsers: ["solidity-parse"]
printWidth: 80
                                                                                | printWidth
=====================================input======================================
pragma ever-solidity 0.68.0;

/**
 * @title Ownable
 * @dev The Ownable contract has an owner address, and provides basic authorization control
 * functions, this simplifies the implementation of "user permissions".
 */
contract Vectorx {
 struct cookie_io_functions_t {
            vector (function (TvmCell, uint16) internal returns (uint16, string)) read;    
 }
    
}

=====================================output=====================================
pragma ever-solidity 0.68.0;

/**
 * @title Ownable
 * @dev The Ownable contract has an owner address, and provides basic authorization control
 * functions, this simplifies the implementation of "user permissions".
 */
contract Vectorx {
    struct cookie_io_functions_t {
        vector(
            function(TvmCell, uint16) internal returns (uint16, string)
        ) read;
    }
}

================================================================================
`;
