// Jest Snapshot v1, https://goo.gl/fbAQLP

exports[`TryCatch.sol format 1`] = `
====================================options=====================================
parsers: ["solidity-parse"]
printWidth: 80
                                                                                | printWidth
=====================================input======================================
contract TryCatch {
  function t() public {
    //comment
    try {
    // comment
    }catch(variant value, /* comment */ uint number) { 
    //comment
    }
  }
}
=====================================output=====================================
contract TryCatch {
    function t() public {
        //comment
        try {
            // comment
        } catch (variant value, /* comment */ uint number) {
            //comment
        }
    }
}

================================================================================
`;
